// Jest Snapshot v1, https://goo.gl/fbAQLP

exports[`Register Register should render correctly 1`] = `
<DocumentFragment>
  <div
    class="register"
  >
    <div
      class="register-image-container"
    >
      <div>
        <h1>
          Design APIs fast,
        </h1>
        <h1>
          Manage content easily.
        </h1>
      </div>
      <img
        alt="register-art"
        class="register-image"
        src="undraw-upload-re-pasx@3x.png"
      />
    </div>
    <div
      class="register-form"
    >
      <h1>
        Register for CMS+ account
      </h1>
      <form>
        <label
          for="email"
        >
          Email
        </label>
        <input
          id="email"
          type="email"
          value=""
        />
        <label
          for="password"
        >
          Password
        </label>
        <input
          id="password"
          type="password"
          value=""
        />
        <label
          for="confirmPassword"
        >
          Confirm Password
        </label>
        <input
          id="confirmPassword"
          type="password"
          value=""
        />
        <button
          type="submit"
        >
          Register
        </button>
        <span
          class="register-button"
        >
          <button
            type="button"
          >
            Already a User??
          </button>
        </span>
      </form>
    </div>
  </div>
</DocumentFragment>
`;
