// Jest Snapshot v1, https://goo.gl/fbAQLP

exports[`ModalForm should render when not open 1`] = `<DocumentFragment />`;

exports[`ModalForm should render when open 1`] = `
<DocumentFragment>
  <div
    class="modal"
  >
    <div
      class="modal-overlay"
    />
    <div
      class="modal-content"
    />
  </div>
</DocumentFragment>
`;
